-I: Adding /home/hlgaz26/miniconda3/dat/leap/prep to search path.
-I: Adding /home/hlgaz26/miniconda3/dat/leap/lib to search path.
-I: Adding /home/hlgaz26/miniconda3/dat/leap/parm to search path.
-I: Adding /home/hlgaz26/miniconda3/dat/leap/cmd to search path.
-f: Source tleap_lib_INH4.in.

Welcome to LEaP!
(no leaprc in search path)
Sourcing: ./tleap_lib_INH4.in
----- Source: /home/hlgaz26/miniconda3/dat/leap/cmd/leaprc.gaff2
----- Source of /home/hlgaz26/miniconda3/dat/leap/cmd/leaprc.gaff2 done
Log file: ./leap.log
Loading parameters: /home/hlgaz26/miniconda3/dat/leap/parm/gaff2.dat
Reading title:
AMBER General Force Field for organic molecules (Version 2.2.20, March 2021)
----- Source: /home/hlgaz26/miniconda3/dat/leap/cmd/leaprc.water.tip3p
----- Source of /home/hlgaz26/miniconda3/dat/leap/cmd/leaprc.water.tip3p done
Loading library: /home/hlgaz26/miniconda3/dat/leap/lib/atomic_ions.lib
Loading library: /home/hlgaz26/miniconda3/dat/leap/lib/solvents.lib
Loading parameters: /home/hlgaz26/miniconda3/dat/leap/parm/frcmod.tip3p
Reading force field modification type file (frcmod)
Reading title:
This is the additional/replacement parameter set for TIP3P water
Loading parameters: /home/hlgaz26/miniconda3/dat/leap/parm/frcmod.ions1lm_126_tip3p
Reading force field modification type file (frcmod)
Reading title:
Li/Merz ion parameters of monovalent ions for TIP3P water model (12-6 normal usage set)
Loading parameters: /home/hlgaz26/miniconda3/dat/leap/parm/frcmod.ionsjc_tip3p
Reading force field modification type file (frcmod)
Reading title:
Monovalent ion parameters for Ewald and TIP3P water from Joung & Cheatham JPCB (2008)
Loading parameters: /home/hlgaz26/miniconda3/dat/leap/parm/frcmod.ions234lm_126_tip3p
Reading force field modification type file (frcmod)
Reading title:
Li/Merz ion parameters of divalent to tetravalent ions for TIP3P water model (12-6 normal usage set)
Loading Mol2 file: /home/hlgaz26/md_inhibitor_film/01_parameterize/INH4.mol2
Reading MOLECULE named IN4
Loading parameters: /home/hlgaz26/md_inhibitor_film/01_parameterize/INH4.frcmod
Reading force field modification type file (frcmod)
Reading title:
Remark line goes here
Loading Mol2 file: ./hydronium.mol2
Reading MOLECULE named H3O
Loading parameters: ./hydronium.frcmod
Reading force field modification type file (frcmod)
Reading title:
Hydronium H3O+ parameters (modified TIP3P-based, Baaden et al.)
 Creating IN4.lib
Building topology.
Building atom parameters.
 Creating H3O.lib
Building topology.
Building atom parameters.
	Quit

Exiting LEaP: Errors = 0; Warnings = 0; Notes = 0.
